../Drivers/CMSIS/Include/core_cm3.h:1511:22:__NVIC_EnableIRQ	16	static
../Drivers/CMSIS/Include/core_cm3.h:1639:22:__NVIC_SetPriority	16	static
../Core/Src/main.c:97:5:main	16	static
../Core/Src/main.c:154:6:SystemClock_Config	72	static
../Core/Src/main.c:187:6:SysTick_Init	16	static
../Core/Src/main.c:206:6:SysTick_Handler	4	static
../Core/Src/main.c:217:6:LED_Init	4	static
../Core/Src/main.c:228:6:LED_Toggle	4	static
../Core/Src/main.c:233:6:Delay_Init	16	static
../Core/Src/main.c:243:5:Delay_Start	16	static
../Core/Src/main.c:254:6:Delay_Stop	16	static
../Core/Src/main.c:261:5:Delay_Completed	16	static
../Core/Src/main.c:272:6:Delay_ErrorHandler	56	static
../Core/Src/main.c:281:6:UART_Init	8	static
../Core/Src/main.c:305:6:UART_Send	24	static
../Core/Src/main.c:320:6:UART_Receive	24	static
../Core/Src/main.c:329:6:USART1_IRQHandler	16	static
../Core/Src/main.c:354:6:CAN_Init	8	static
../Core/Src/main.c:410:6:CAN_Transmit	32	static
../Core/Src/main.c:473:6:CAN_Receive	32	static
../Core/Src/main.c:505:6:CAN_ErrorHandler	152	static
../Core/Src/main.c:564:6:PWM_Init	16	static
../Core/Src/main.c:586:6:PWM_SetDutyCycle	24	static
../Core/Src/main.c:599:6:Error_Handler	4	static,ignoring_inline_asm
