../Drivers/CMSIS/Include/core_cm3.h:1511:22:__NVIC_EnableIRQ	16	static
../Drivers/CMSIS/Include/core_cm3.h:1639:22:__NVIC_SetPriority	16	static
../Core/Src/main.c:92:5:main	72	static
../Core/Src/main.c:190:6:SystemClock_Config	72	static
../Core/Src/main.c:223:6:SysTick_Init	16	static
../Core/Src/main.c:242:6:SysTick_Handler	4	static
../Core/Src/main.c:253:6:LED_Init	4	static
../Core/Src/main.c:264:6:LED_Toggle	4	static
../Core/Src/main.c:269:6:Delay_Init	16	static
../Core/Src/main.c:279:5:Delay_Start	16	static
../Core/Src/main.c:290:6:Delay_Stop	16	static
../Core/Src/main.c:297:5:Delay_Completed	16	static
../Core/Src/main.c:308:6:Delay_ErrorHandler	56	static
../Core/Src/main.c:317:6:UART_Init	8	static
../Core/Src/main.c:341:6:UART_Send	24	static
../Core/Src/main.c:356:6:UART_Receive	24	static
../Core/Src/main.c:365:6:USART1_IRQHandler	16	static
../Core/Src/main.c:391:6:CAN_Init	8	static
../Core/Src/main.c:451:5:CAN_Transmit	32	static
../Core/Src/main.c:500:5:CAN_Receive	16	static
../Core/Src/main.c:522:6:CAN_ErrorHandler	80	static
../Core/Src/main.c:562:6:Error_Handler	4	static,ignoring_inline_asm
