../Drivers/CMSIS/Include/core_cm3.h:1511:22:__NVIC_EnableIRQ	16	static
../Drivers/CMSIS/Include/core_cm3.h:1639:22:__NVIC_SetPriority	16	static
../Core/Src/main.c:81:5:main	40	static
../Core/Src/main.c:139:6:SystemClock_Config	72	static
../Core/Src/main.c:172:6:SysTick_Init	16	static
../Core/Src/main.c:191:6:SysTick_Handler	4	static
../Core/Src/main.c:202:6:LED_Init	4	static
../Core/Src/main.c:213:6:LED_Toggle	4	static
../Core/Src/main.c:218:6:Delay_Init	16	static
../Core/Src/main.c:228:5:Delay_Start	16	static
../Core/Src/main.c:239:6:Delay_Stop	16	static
../Core/Src/main.c:246:5:Delay_Completed	16	static
../Core/Src/main.c:257:6:Delay_ErrorHandler	16	static
../Core/Src/main.c:265:6:UART_Init	8	static
../Core/Src/main.c:289:6:UART_Send	24	static
../Core/Src/main.c:304:6:UART_Receive	24	static
../Core/Src/main.c:313:6:USART1_IRQHandler	16	static
../Core/Src/main.c:344:6:Error_Handler	4	static,ignoring_inline_asm
